// Jest Snapshot v1, https://goo.gl/fbAQLP

exports[`Renders the RoomTypes page 1`] = `
<div
  className="container"
>
  <div
    className="Header"
  >
    <h1>
      Room Types
    </h1>
    <a
      href="/room-types/create"
      onClick={[Function]}
    >
      <button
        className="Button Primary"
        type="button"
      >
        Create
      </button>
    </a>
  </div>
  <div
    className="grid"
  />
</div>
`;
