// Jest Snapshot v1, https://goo.gl/fbAQLP

exports[`Room renders correctly 1`] = `
<form
  className="Form"
  noValidate={true}
  onSubmit={[Function]}
>
  <h1
    className="Title"
  >
    Create Room Type
  </h1>
  <div
    className="Container"
  >
    <label
      className="Label"
      htmlFor="Room Type"
    >
      Room Type
    </label>
    <input
      className="Input"
      id="Room Type"
      onChange={[Function]}
      type="text"
      value=""
    />
    <p
      className="ErrMsg"
    />
  </div>
  <div
    className="Container"
  >
    <label
      className="Label"
      htmlFor="Description"
    >
      Description
    </label>
    <textarea
      className="Textarea"
      cols="20"
      id="Description"
      onChange={[Function]}
      rows="2"
      value=""
    />
    <p
      className="ErrMsg"
    />
  </div>
  <div
    className="Container"
  >
    <label
      className="Label"
      htmlFor="Rate"
    >
      Rate
    </label>
    <input
      className="Input"
      id="Rate"
      onChange={[Function]}
      type="number"
      value=""
    />
    <p
      className="ErrMsg"
    />
  </div>
  <div
    className="width"
  >
    <div
      className="Container"
    >
      <label
        className="Label"
        htmlFor="Active"
      >
        Active
      </label>
      <input
        checked={true}
        className="Checkbox"
        id="Active"
        onChange={[Function]}
        type="checkbox"
      />
    </div>
  </div>
  <button
    className="Button Primary"
    type="Submit"
  >
    Create
  </button>
</form>
`;
